
Memory Configuration

Name             Origin             Length             Attributes
*default*        0x00000000         0xffffffff

Linker script and memory map

                0x80429cf8                instance__7StageC4 = 0x80429cf8
                0x8016a7c0                mHeapAllocator_c_done = 0x8016a7c0
                0x809917f0                dEventOpeningTitle_c_StateID_PressButtonExitAnimeEndWait = 0x809917f0
                0x809ca710                sub_809CAE10 = 0x809ca710
                0x809125cc                loc_8091288C = 0x809125cc
                0x802e53b4                pow = 0x802e53b4
                0x8154ba7b                PortalHook_1_byte = 0x8154ba7b
                0x8154b904                PortalHook_2_offset_2 = 0x8154b904
                0x80760d08                PortalHook_3_external_1 = 0x80760d08
                0x8154b804                PortalHook_3_external_2 = 0x8154b804
                0x80162914                PortalHook_1_ret = 0x80162914
                0x80064354                PortalHook_2_ret = 0x80064354
                0x800e3968                PortalHook_3_ret = 0x800e3968
                0x80095954                PortalHook_4_ret = 0x80095954
                0x80095984                PortalHook_5_ret_1 = 0x80095984
                0x80095bd4                PortalHook_5_ret_2 = 0x80095bd4
                0x802f6420                IsGravityEnabled = 0x802f6420
                0x8042b584                GravityFloat_maybe = 0x8042b584
                0x80054688                line_80054688 = 0x80054688
                0x8005714c                line_8005714C = 0x8005714c
                0x80001910                ZoneMaxYValue_maybe = 0x80001910
                0x8005e6f0                JumpingShit = 0x8005e6f0
                0x80057a68                ArcNein = 0x80057a68
                0x8005475c                loc_8005475C = 0x8005475c
                0x8005467c                loc_8005467C = 0x8005467c
                0x80070ef8                ContinueFromFirstHook = 0x80070ef8
                0x800e43d0                ContinueFromSecondHook = 0x800e43d0
                0x80057108                ContinueFromThirdHook = 0x80057108
                0x801273f0                ContinueFromFourthHook = 0x801273f0
                0x80057154                ContinueFromFifthHook = 0x80057154
                0x8004c5ec                ContinueFromSixthHook_One = 0x8004c5ec
                0x8004c5c4                ContinueFromSixthHook_Two = 0x8004c5c4
                0x8006cde4                ContinueFromSeventhHook = 0x8006cde4
                0x801c09f0                ContinueFromEighthHook = 0x801c09f0
                0x800b07f0                ContinueFromNinthHook = 0x800b07f0
                0x80127f28                ContinueFromTenthHook = 0x80127f28
                0x809264b4                ContinueFromEleventhHook = 0x809264b4
                0x8006f7b8                ContinueFromTwelvethHook = 0x8006f7b8
                0x80064f54                ContinueFromThirteenthHook = 0x80064f54
                0x80070cc4                ContinueFromFourteenthHook = 0x80070cc4
                0x80920090                LoadBreffKoopa = 0x80920090
                0x80920084                LoadBreffKoopaJr = 0x80920084
                0x8091ff30                returnFromBreffLoadPatch = 0x8091ff30
                0x8003a240                sub_8003A240__FPvPv = 0x8003a240
                0x80353764                daEnShell_c_StateID_Sleep = 0x80353764
                0x803537e4                daEnShell_c_StateID_Slide = 0x803537e4
                0x803537e4                _ZN11daEnShell_c13StateID_SlideE = 0x803537e4
                0x80038670                afterExecute__11daEnShell_cFi = 0x80038670
                0x80038080                __dt__11daEnShell_cFv = 0x80038080
                0x8003a010                isOutOfView__11daEnShell_cFv = 0x8003a010
                0x8003a0c0                kill__11daEnShell_cFv = 0x8003a0c0
                0x8003a010                _vf74__11daEnShell_cFv = 0x8003a010
                0x8003ab80                itemPickedUp__11daEnShell_cFv = 0x8003ab80
                0x80039610                _vf7C__11daEnShell_cFv = 0x80039610
                0x8003a570                eatIn__11daEnShell_cFv = 0x8003a570
                0x8003a5d0                spitOut__11daEnShell_cFPv = 0x8003a5d0
                0x80038800                stageActorCollision__11daEnShell_cFP13ActivePhysicsP13ActivePhysics = 0x80038800
                0x80038830                spriteCollision__11daEnShell_cFP13ActivePhysicsP13ActivePhysics = 0x80038830
                0x800389e0                playerCollision__11daEnShell_cFP13ActivePhysicsP13ActivePhysics = 0x800389e0
                0x80039010                yoshiCollision__11daEnShell_cFP13ActivePhysicsP13ActivePhysics = 0x80039010
                0x80039b40                collidedWithCatD_Drill__11daEnShell_cFP13ActivePhysicsP13ActivePhysics = 0x80039b40
                0x80039bf0                collidedWithCat7_GroundPound__11daEnShell_cFP13ActivePhysicsP13ActivePhysics = 0x80039bf0
                0x80039d70                collidedWithCat7_GroundPoundYoshi__11daEnShell_cFP13ActivePhysicsP13ActivePhysics = 0x80039d70
                0x800393a0                collidedWithCat9_RollingObject__11daEnShell_cFP13ActivePhysicsP13ActivePhysics = 0x800393a0
                0x8003a7b0                collidedWithCat2_Iceball_or_15_YoshiIce__11daEnShell_cFP13ActivePhysicsP13ActivePhysics = 0x8003a7b0
                0x8003be00                dieFall_Begin__11daEnShell_cFv = 0x8003be00
                0x8003be80                dieFall_Execute__11daEnShell_cFv = 0x8003be80
                0x8003be70                dieFall_End__11daEnShell_cFv = 0x8003be70
                0x80039680                _vf220__11daEnShell_cFPv = 0x80039680
                0x8003bff0                _vf224__11daEnShell_cFv = 0x8003bff0
                0x8003a8c0                _vf238__11daEnShell_cFv = 0x8003a8c0
                0x800392c0                _vf248__11daEnShell_cFi = 0x800392c0
                0x800392f0                bouncePlayerWhenJumpedOn__11daEnShell_cFPv = 0x800392f0
                0x80039590                addScoreWhenHit__11daEnShell_cFPv = 0x80039590
                0x8003bf80                _vf25C__11daEnShell_cFPv = 0x8003bf80
                0x8003b020                beginState_Carry__11daEnShell_cFv = 0x8003b020
                0x8003b200                executeState_Carry__11daEnShell_cFv = 0x8003b200
                0x8003b140                endState_Carry__11daEnShell_cFv = 0x8003b140
                0x8003ae40                beginState_Sleep__11daEnShell_cFv = 0x8003ae40
                0x8003aee0                executeState_Sleep__11daEnShell_cFv = 0x8003aee0
                0x8003aeb0                endState_Sleep__11daEnShell_cFv = 0x8003aeb0
                0x8003b3e0                beginState_Slide__11daEnShell_cFv = 0x8003b3e0
                0x8003b830                executeState_Slide__11daEnShell_cFv = 0x8003b830
                0x8003b6f0                endState_Slide__11daEnShell_cFv = 0x8003b6f0
                0x8003bb40                beginState_Wakeup__11daEnShell_cFv = 0x8003bb40
                0x8003bbb0                executeState_Wakeup__11daEnShell_cFv = 0x8003bbb0
                0x8003bba0                endState_Wakeup__11daEnShell_cFv = 0x8003bba0
                0x8003bd30                beginState_WakeupReverse__11daEnShell_cFv = 0x8003bd30
                0x8003bd60                executeState_WakeupReverse__11daEnShell_cFv = 0x8003bd60
                0x8003bd50                endState_WakeupReverse__11daEnShell_cFv = 0x8003bd50
                0x8003bc30                beginState_WakeupTurn__11daEnShell_cFv = 0x8003bc30
                0x8003bc80                executeState_WakeupTurn__11daEnShell_cFv = 0x8003bc80
                0x8003bc70                endState_WakeupTurn__11daEnShell_cFv = 0x8003bc70
                0x80039690                _vf2C8__11daEnShell_cFv = 0x80039690
                0x8003aa60                _vf2CC__11daEnShell_cFv = 0x8003aa60
                0x800389d0                relatedToSpriteCollision__11daEnShell_cFv = 0x800389d0
                0x80039000                _vf2D4__11daEnShell_cFv = 0x80039000
                0x800392b0                isNotSliding__11daEnShell_cFv = 0x800392b0
                0x80038ff0                relatedToYoshiOrPlayerCollision__11daEnShell_cFv = 0x80038ff0
                0x8003bd20                _vf2E0__11daEnShell_cFv = 0x8003bd20
                0x8003bd10                turnSlightly__11daEnShell_cFv = 0x8003bd10
                0x8003a410                _vf2E8__11daEnShell_cFv = 0x8003a410
                0x80039790                spawnKickHitEffect__11daEnShell_cFv = 0x80039790
                0x8003be60                _vf2F0__11daEnShell_cFv = 0x8003be60
                0x80038660                _vf2F4__11daEnShell_cFv = 0x80038660
                0x8003bb30                spawnTailEffect__11daEnShell_cFv = 0x8003bb30
                0x8003a210                _vf2FC__11daEnShell_cFv = 0x8003a210
                0x8003a3a0                rotateShell__11daEnShell_cFv = 0x8003a3a0
                0x80038be8                loc_80038BE8 = 0x80038be8
                0x80376c08                Yoshi_EatNoneState = 0x80376c08
                0x8014eb10                daYoshi_c_sub_8014EE40 = 0x8014eb10
                0x8014e470                endState_HipAttack_orig__9daYoshi_cFv = 0x8014e470
                0x80046bb0                onExecute_orig__9daYoshi_cFv = 0x80046bb0
                0x8014f650                doSwallow__9daYoshi_cFv = 0x8014f650
                0x8014f67c                doThisStupidAnimationYouAsshole = 0x8014f67c
                0x8042a048                instance__14dGameDisplay_c = 0x8042a048
                0x80157840                onCreate_orig__14dGameDisplay_cFv = 0x80157840
                0x80157da0                onExecute_orig__14dGameDisplay_cFv = 0x80157da0
                0x80049544                hipAttackStage4 = 0x80049544
                0x80054b4c                ContinueFromFlyingYoshi = 0x80054b4c
                0x809126f0                daYoshiFire_c_vf8C__FP13dStageActor_cP13dStageActor_c = 0x809126f0
                0x8005e500                getHeldDown__14dPlayerInput_c = 0x8005e500
                0x8005e4f0                getHeldUp__14dPlayerInput_c = 0x8005e4f0
                0x8005e4f0                _ZN14dPlayerInput_c9getHeldUpEv = 0x8005e4f0
                0x8005e300                detectGroundPound__14dPlayerInput_c = 0x8005e300
                0x8005e300                _ZN14dPlayerInput_c17detectGroundPoundEv = 0x8005e300
                0x8005e580                getHeldTwo__14dPlayerInput_c = 0x8005e580
                0x8005e580                getHeldTwo__14dPlayerInput_cFv = 0x8005e580
                0x8005e580                _ZN14dPlayerInput_c10getHeldTwoEv = 0x8005e580
                0x8023b170                GetResNodeNumEntries__Q34nw4r3g3d6ResMdlCFv = 0x8023b170
                0x801d5350                MEMAllocFromAllocator = 0x801d5350
                0x8034e3f0                __vt__Q34nw4r3g3d9AnmObjChr = 0x8034e3f0
                0x8034e2e8                __vt__Q34nw4r3g3d12AnmObjChrRes = 0x8034e2e8
                0x802414a0                GetAnmResult__Q34nw4r3g3d9ResAnmChrCFPQ34nw4r3g3d12ChrAnmResultUlf = 0x802414a0
                0x800d5d50                StartAnimOrig = 0x800d5d50
                0x8014b730                YoshiStateOrig = 0x8014b730
                0x80234890                Exception_Printf___Q24nw4r2dbFPCce = 0x80234890
                0x80839894                ContinueFromFuckLineLiftActivation = 0x80839894
                0x800b4d60                CanExitThisLevel = 0x800b4d60
                0x80001800                LoaderDotBinPointer = 0x80001800
                0x80101754                ContinueFromConsole = 0x80101754
                0x80146524                ContinueFromTinyTable = 0x80146524
                0x8091e9b8                ContinueFromLoadingCRSIN = 0x8091e9b8
                0x80022858                ContinueFromAlternateQBlock = 0x80022858
                0x8013c0ec                ContinueFromPropellerBegin = 0x8013c0ec
                0x802ee140                QBlockTable = 0x802ee140
                0x8013b870                ret0ice = 0x8013b870
                0x8013b874                retice = 0x8013b874
                0x8013c070                retice2 = 0x8013c070
                0x800389e0                playerCollision_orig__10daEnNoko_cFP13ActivePhysicsP13ActivePhysics = 0x800389e0
                0x80a71ef0                onCreate_orig__10daEnNoko_cFv = 0x80a71ef0
                0x80039590                addScoreWhenHit_orig__10daEnNoko_cFPv = 0x80039590
                0x800389e0                playerCollision_orig__10daEnPata_cFP13ActivePhysicsP13ActivePhysics = 0x800389e0
                0x80039590                addScoreWhenHit_orig__10daEnPata_cFPv = 0x80039590
                0x80a724e0                onExecute_orig__10daEnPata_cFv = 0x80a724e0
                0x80a48d40                onCreate_orig__10BulletBillFv = 0x80a48d40
                0x80a49670                playerCollision_orig__10BulletBillFP13ActivePhysicsP13ActivePhysics = 0x80a49670
                0x80a49b10                addScoreWhenHit_orig__10BulletBillFPv = 0x80a49b10
                0x80a4c950                ContinueFromSpikyFix = 0x80a4c950
                0x809985f0                GabonRock_DropOutState = 0x809985f0
                0x809985b0                GabonRock_CrushState = 0x809985b0
                0x8001ded0                forceHCGROPushBack = 0x8001ded0
                0x8001dec8                continueFromHCGRO = 0x8001dec8
                0x804276ae                DanceValues_AnimSpeed = 0x804276ae
                0x80429a89                DanceValues_DummyBlockAndGrass = 0x80429a89
                0x80429a8a                DanceValues_Bahps = 0x80429a8a
                0x80429a8b                DanceValues_CreditsControl = 0x80429a8b
                0x80429f3f                CreditsModeActive = 0x80429f3f
                0x800d9040                GetRail = 0x800d9040
                0x80429d28                instance__7Stage80 = 0x80429d28
                0x80060254                continueAddToCoinCount = 0x80060254
                0x800b3544                continueAddToScore = 0x800b3544
                0x800b5100                StaffCreditsAddCoin = 0x800b5100
                0x802bc1d4                ContinueFromEFBMagic2 = 0x802bc1d4
                0x80ab66a0                TogeTekkyuIceballCollision = 0x80ab66a0
                0x8042a1c8                _8042A788 = 0x8042a1c8
                0x8019c060                sub_8019C390 = 0x8019c060
                0x807af4c0                dStockItem = 0x807af4c0
                0x807c7600                playBoomerangSound__16daBoomerangHax_cFv = 0x807c7600
                0x802e53b4                pow = 0x802e53b4
                0x80157da0                onExecute_orig__14dGameDisplay_cFv = 0x80157da0
                0x80157840                onCreate_orig__14dGameDisplay_cFv = 0x80157840
                0x8042a048                instance__14dGameDisplay_c = 0x8042a048
                0x807f8920                onCreate_orig__13daGabonRock_cFv = 0x807f8920
                0x80aa9140                onCreate_orig__12EN_STAR_COINFv = 0x80aa9140
                0x809c8730                onCreate_orig__12daEnBomhei_cFv = 0x809c8730
                0x80b12388                StateID_Sleep__12daEnBomhei_c = 0x80b12388
                0x809c92c0                playerCollision_orig__12daEnBomhei_cFP13ActivePhysicsP13ActivePhysics = 0x809c92c0
                0x809c98f0                spriteCollision_orig__12daEnBomhei_cFP13ActivePhysicsP13ActivePhysics = 0x809c98f0
                0x8004d624                DoFrogFootsteps = 0x8004d624
                0x8004d634                DontDoFrogFootsteps = 0x8004d634
                0x801300c0                NoSwimBegin = 0x801300c0
                0x80130084                YesSwimBegin = 0x80130084
                0x80130408                NoSwimHip0a = 0x80130408
                0x801303e0                YesSwimHip0a = 0x801303e0
                0x80130484                NoSwimHip0b = 0x80130484
                0x80130494                YesSwimHip0b = 0x80130494
                0x80130a4c                NoSwimHip1 = 0x80130a4c
                0x80130a40                YesSwimHip1 = 0x80130a40
                0x801312bc                NoSwimHip2 = 0x801312bc
                0x801312a4                YesSwimHip2 = 0x801312a4
                0x801316ac                NoSwimHip3a = 0x801316ac
                0x801316b8                YesSwimHip3a = 0x801316b8
                0x80131764                NoSwimHip3b = 0x80131764
                0x80131754                YesSwimHip3b = 0x80131754
                0x80b8bc50                StateID_Wait__24daEnBossKoopaDemoPeach_c = 0x80b8bc50
                0x80b8bc90                StateID_Call__24daEnBossKoopaDemoPeach_c = 0x80b8bc90
                0x80b8bcd0                StateID_Turn__24daEnBossKoopaDemoPeach_c = 0x80b8bcd0
                0x80b8bd10                StateID_Open__24daEnBossKoopaDemoPeach_c = 0x80b8bd10
                0x80b8bd50                StateID_Rescue__24daEnBossKoopaDemoPeach_c = 0x80b8bd50
                0x80b8bd90                StateID_Thank__24daEnBossKoopaDemoPeach_c = 0x80b8bd90
                0x80301324                __vt__12daBossDemo_c = 0x80301324
                0x8001ccb0                onExecute__12daBossDemo_cFv = 0x8001ccb0
                0x8001ccf0                onDraw__12daBossDemo_cFv = 0x8001ccf0
                0x8001cd00                willBeDeleted__12daBossDemo_cFv = 0x8001cd00
                0x8001cd10                onDelete__12daBossDemo_cFv = 0x8001cd10
                0x8001d190                endState_BattleEdDemo__12daBossDemo_cFv = 0x8001d190
                0x8001d1a0                executeState_BattleEdDemo__12daBossDemo_cFv = 0x8001d1a0
                0x8001d180                beginState_BattleEdDemo__12daBossDemo_cFv = 0x8001d180
                0x8001d100                endState_BattleIn__12daBossDemo_cFv = 0x8001d100
                0x8001d110                executeState_BattleIn__12daBossDemo_cFv = 0x8001d110
                0x8001d090                beginState_BattleIn__12daBossDemo_cFv = 0x8001d090
                0x8001d070                endState_BattleStDemo__12daBossDemo_cFv = 0x8001d070
                0x8001d080                executeState_BattleStDemo__12daBossDemo_cFv = 0x8001d080
                0x8001d060                beginState_BattleStDemo__12daBossDemo_cFv = 0x8001d060
                0x8001cf60                endState_Ready__12daBossDemo_cFv = 0x8001cf60
                0x8001cf70                executeState_Ready__12daBossDemo_cFv = 0x8001cf70
                0x8001cf50                beginState_Ready__12daBossDemo_cFv = 0x8001cf50
                0x8001ce00                beatLevel__12daBossDemo_cFv = 0x8001ce00
                0x8001ce40                exitLevel__12daBossDemo_cFv = 0x8001ce40
                0x80429aa8                instance__19BalloonRelatedClass = 0x80429aa8
                0x802f1170                PlayerAnimStates = 0x802f1170
                0x8011a500                ContinueFromFixFireballSensorSetup = 0x8011a500
                0x800b37e0                GetPosForLayoutEffect__FP4VEC3b = 0x800b37e0
                0x80a11cac                ContinueFromJustOneBomb = 0x80a11cac
                0x8015f300                SmoothRotation__FPsss = 0x8015f300
                0x8081f1b0                KazanRock_OriginalCollisionCallback = 0x8081f1b0
                0x8081ef20                KazanRock_Explode = 0x8081ef20
                0x8005fb90                GetPlayerOrYoshi__Fi = 0x8005fb90
                0x8005fb90                findByID__10daPlBase_cFi = 0x8005fb90
                0x8005f900                findByID__7dAcPy_cFi = 0x8005f900
                0x80051f30                justFaceSpecificDirection__10daPlBase_cFi = 0x80051f30
                0x80052080                moveInDirection__10daPlBase_cFPfPf = 0x80052080
                0x80139760                getYoshi__7dAcPy_cFv = 0x80139760
                0x80052170                setAnimePlayWithAnimID__10daPlBase_cFi = 0x80052170
                0x80052290                setAnimePlayStandardType__10daPlBase_cFi = 0x80052290
                0x8005e3b0                setFlag__14dPlayerInput_cFQ214dPlayerInput_c5Flags = 0x8005e3b0
                0x8005e910                setPermanentForcedButtons__14dPlayerInput_cFUi = 0x8005e910
                0x8005e960                setTransientForcedButtons__14dPlayerInput_cFUi = 0x8005e960
                0x8005e930                unsetPermanentForcedButtons__14dPlayerInput_cFUi = 0x8005e930
                0x8005e780                areWeShaking__14dPlayerInput_cFv = 0x8005e780
                0x80056c70                setFlag__10daPlBase_cFi = 0x80056c70
                0x80056cb0                clearFlag__10daPlBase_cFi = 0x80056cb0
                0x80056cf0                testFlag__10daPlBase_cFi = 0x80056cf0
                0x80052030                isReadyForDemoControlAction__10daPlBase_cFv = 0x80052030
                0x80429e20                instance__15dWaterManager_c = 0x80429e20
                0x800eb8b0                queryPosition__15dWaterManager_cFP4VEC2P4VEC2PfPsi = 0x800eb8b0
                0x800a0c70                OriginalPowBlockActivated = 0x800a0c70
                0x80002eee                isReplayEnabled = 0x80002eee
                0x800b44d0                UpdateSelectCursor = 0x800b44d0
                0x8010c700                HideSelectCursor = 0x8010c700
                0x80429fe8                SelectCursorPointer = 0x80429fe8
                0x807af920                getIconPictureIDforPlayer__12dStockItem_cFi = 0x807af920
                0x800b32e0                CrapUpPositions__FP7Point3dPC7Point3d = 0x800b32e0
                0x800fc894                ContinueFromCalcPowerupResult = 0x800fc894
                0x800fc85c                ContinueFromFixCalcPowerupResultForMushroom = 0x800fc85c
                0x807af738                ContinueFromSILayoutExtraStuffs = 0x807af738
                0x807b08cc                ContinueFromResetHammerAnimOnOpen = 0x807b08cc
                0x807af5d0                ContinueFromHideItemsByDefault = 0x807af5d0
                0x807b05d4                MakeSFISound = 0x807b05d4
                0x807b0630                ContinueFromSIAddSound = 0x807b0630
                0x807b0a94                ChosenStartChoice = 0x807b0a94
                0x807b1ff0                ContinueFromSISLayoutExtraStuffs = 0x807b1ff0
                0x807b22b8                ContinueFromUpdateSIS = 0x807b22b8
                0x8042a030                EnemyBounceValue = 0x8042a030
                0x80162b10                search__7fBase_cFUi = 0x80162b10
                0x80162b60                search__7fBase_cF6ActorsP7fBase_c = 0x80162b60
                0x80162bc0                searchByBaseType__7fBase_cFiP7fBase_c = 0x80162bc0
                0x800bb260                AddStockPowerup = 0x800bb260
                0x808aad60                continueFromStrongBox2 = 0x808aad60
                0x808aa268                continueFromStrongBox = 0x808aa268
                0x8042a1c8                _8042A788 = 0x8042a1c8
                0x8019c060                playFanfare__FPvi = 0x8019c060
                0x8019c800                somethingAboutSound__FPv = 0x8019c800
                0x80262ca0                AxVoice_SetADPCM = 0x80262ca0
                0x80281760                Voice_SetADPCMLoop = 0x80281760
                0x8027a010                DetachSound__Q34nw4r3snd11SoundHandleFv = 0x8027a010
                0x80266250                Pause__Q44nw4r3snd6detail10BasicSoundFbi = 0x80266250
                0x80266060                Stop__Q44nw4r3snd6detail10BasicSoundFi = 0x80266060
                0x802672c0                SetPitch__Q44nw4r3snd6detail10BasicSoundFf = 0x802672c0
                0x80267230                SetVolume__Q44nw4r3snd6detail10BasicSoundFfi = 0x80267230
                0x8027f6a0                StrmSound_SetTrackVolume = 0x8027f6a0
                0x80429ed0                DontShowPreGame = 0x80429ed0
                0x80373ae0                RESTART_CRSIN_LevelStartStruct = 0x80373ae0
                0x800ca4f4                DrawTheFuckingHat = 0x800ca4f4
                0x800ca528                DontDrawTheFuckingHat = 0x800ca528
                0x8004e050                continueFromMpPauseFix1 = 0x8004e050
                0x80141270                continueFromMpPauseFix2 = 0x80141270
                0x80140f74                continueFromMpPauseFix3 = 0x80140f74
                0x800fc940                CheckIfSinglePlayer = 0x800fc940
                0x800e57fc                TextWriterCrapContinue = 0x800e57fc
                0x80926850                StockWMInit_LoadEffects__FPv = 0x80926850
                0x80093520                CleanUpEffectThings__Fv = 0x80093520
                0x800934d0                FreeEffects__Fi = 0x800934d0
                0x80093170                FreeBreff__Fi = 0x80093170
                0x800931b0                FreeBreft__Fi = 0x800931b0
                0x80092e30                __dt__18BGGMEffectRendererFv = 0x80092e30
                0x80311428                __vt__18BGGMEffectRenderer = 0x80311428
                0x802dc7b0                __construct_array = 0x802dc7b0
                0x800cdbe0                GetBMG__Fv = 0x800cdbe0
                0x802d7670                findStringForMessageID__Q23EGG6MsgResCFii = 0x802d7670
                0x800c99e0                WriteBMGToTextBox__FPQ34nw4r3lyt7TextBoxPQ27dScript5Res_ciiie = 0x800c99e0
                0x800c9e00                _Z26WriteParsedStringToTextBoxPN4nw4r3lyt7TextBoxEPKwiPA1_13__va_list_tagPN7dScript5Res_cE = 0x800c9e00
                0x800c9a80                CheckForUSD1ShadowEntry__FPQ34nw4r3lyt7TextBox = 0x800c9a80
                0x802ac270                GetExtUserDataNum__Q34nw4r3lyt4PaneCFv = 0x802ac270
                0x801641c0                m2d__Anm_c__Load = 0x801641c0
                0x80163c70                m2d__AnmResHandler_c__Load = 0x80163c70
                0x801444f0                RealAcPyDtor = 0x801444f0
                0x808c5290                RealWm2dPlayerDtor = 0x808c5290
                0x8014b390                RealYoshiDtor = 0x8014b390
                0x800b3be0                InsertIntIntoTextBox1 = 0x800b3be0
                0x800b3b60                WriteNumberToTextBox__FPiPCiPQ34nw4r3lyt7TextBoxb = 0x800b3b60
                0x800b3be0                WriteNumberToTextBox__FPiPQ34nw4r3lyt7TextBoxb = 0x800b3be0
                0x80810210                __ct__20daJrClownForPlayer_cFv = 0x80810210
                0x808102d0                __dt__20daJrClownForPlayer_cFv = 0x808102d0
                0x800a3600                PClownCarExecute = 0x800a3600
                0x800951d0                PClownCarAfterCreate = 0x800951d0
                0x80810920                PClownCarDraw = 0x80810920
                0x80811c00                PClownCarMove = 0x80811c00
                0x80811e94                ContinueFromClownCarDetectAdjacent = 0x80811e94
                0x8042dff0                sAllocatorFunc__FrmHeap = 0x8042dff0
                0x8005ffb0                GetActivePlayerCount = 0x8005ffb0
                0x8005ffb0                GetCountofActivePlayers = 0x8005ffb0
                0x8005fef0                GetActiveLivingPlayerCount = 0x8005fef0
                0x80082240                getEffectiveScreenLeft__19ClassWithCameraInfoFv = 0x80082240
                0x80429b20                instance__19ClassWithCameraInfo = 0x80429b20
                0x8005b5d0                BowserExitDemoState = 0x8005b5d0
                0x807ccba0                MagicEnd = 0x807ccba0
                0x80804410                KeyLoopSet = 0x80804410
                0x809b21c0                BigHanaPlayer = 0x809b21c0
                0x809b23d0                BigHanaYoshi = 0x809b23d0
                0x809b2680                BigHanaWeirdGP = 0x809b2680
                0x809b25f0                BigHanaGroundPound = 0x809b25f0
                0x809b3350                BigHanaFireball = 0x809b3350
                0x809b3320                BigHanaIceball = 0x809b3320
                0x80145f00                dAcPy_vf3F4 = 0x80145f00
                0x80145fe0                dAcPy_vf3F8 = 0x80145fe0
                0x801466e0                dAcPy_vf3FC = 0x801466e0
                0x80047390                dAcPy_vf294 = 0x80047390
                0x809dd480                Cloud_death_execute = 0x809dd480
                0x809df640                Cloud_execute = 0x809df640
                0x8042a088                GlobalTickCount = 0x8042a088
                0x8005f900                GetSpecificPlayerActor = 0x8005f900
                0x80162b10                Actor_SearchByID = 0x80162b10
                0x80429a1a                TimeStopFlag = 0x80429a1a
                0x800e3948                TimerBranch = 0x800e3948
                0x8042b584                MarioDescentRate = 0x8042b584
                0x802f543c                MarioJumpArc = 0x802f543c
                0x8042b568                MarioJumpMax = 0x8042b568
                0x802f5484                MiniMarioJumpArc = 0x802f5484
                0x8042b594                MarioSize = 0x8042b594
                0x80064540                AlwaysDrawFlag = 0x80064540
                0x80064544                AlwaysDrawBranch = 0x80064544
                0x800b2ee0                GenerateRandomNumber = 0x800b2ee0
                0x800ce840                OneofManySoundPlayers = 0x800ce840
                0x80b12388                BombSleepState = 0x80b12388
                0x800a0b08                NoFreezie = 0x800a0b08
                0x80429d90                GameTimer = 0x80429d90
                0x80d254f8                GameTimerB = 0x80d254f8
                0x800e1de0                DoSceneChange__FUsUiUi = 0x800e1de0
                0x802379b0                FrSqrt__Q24nw4r4mathFf = 0x802379b0
                0x802379e0                SinFIdx__Q24nw4r4mathFf = 0x802379e0
                0x80237a50                CosFIdx__Q24nw4r4mathFf = 0x80237a50
                0x80237ab0                SinCosFIdx__Q24nw4r4mathFPfPff = 0x80237ab0
                0x8042a16c                archiveHeap__5mHeap = 0x8042a16c
                0x8042a170                commandHeap__5mHeap = 0x8042a170
                0x8042a174                dylinkHeap__5mHeap = 0x8042a174
                0x8042a178                assertHeap__5mHeap = 0x8042a178
                0x803779c8                gameHeaps__5mHeap = 0x803779c8
                0x800db100                init__18StandOnTopColliderFP13dStageActor_cfffffsUcP7Point2d = 0x800db100
                0x800db0b0                __ct__18StandOnTopColliderFv = 0x800db0b0
                0x80044400                __dt__18StandOnTopColliderFv = 0x80044400
                0x800db270                _ZN18StandOnTopCollider6updateEv = 0x800db270
                0x800dad80                __dt__13BasicColliderFv = 0x800dad80
                0x80429d3c                globalListHead__13BasicCollider = 0x80429d3c
                0x800dae00                addToList__13BasicColliderFv = 0x800dae00
                0x800dae50                removeFromList__13BasicColliderFv = 0x800dae50
                0x800db3d0                __ct__21RideableActorColliderFv = 0x800db3d0
                0x800db420                init__21RideableActorColliderFP13dStageActor_cP7Point2dP7Point2d = 0x800db420
                0x800db4b0                init__21RideableActorColliderFP13dStageActor_cffff = 0x800db4b0
                0x800db510                setPosition__21RideableActorColliderFP7Point2dP7Point2d = 0x800db510
                0x800db570                setPosition__21RideableActorColliderFffff = 0x800db570
                0x800bc630                drawWithMatrix__21SomethingAboutShroomsFfP4mMtx = 0x800bc630
                0x8087f660                original_onCreate__13daObjKinoko_cFv = 0x8087f660
                0x80429bb8                instance__13dCourseFull_c = 0x80429bb8
                0x8008e890                getRectByID__9dCourse_cFUcP5mRect = 0x8008e890
                0x8008e3d0                getNextGotoByID__9dCourse_cFUc = 0x8008e3d0
                0x80057820                modifyPlayerPropertiesWithRollingObject = 0x80057820
                0x80a57ba0                EN_LandbarrelPlayerCollision = 0x80a57ba0
                0x80429a68                instance__16dStageActorMgr_c = 0x80429a68
                0x807db1b0                StartBGMMusic = 0x807db1b0
                0x807db1c0                StopBGMMusic = 0x807db1c0
                0x80429c30                instance__11dStage32C_c = 0x80429c30
                0x804299b4                instance__7WLClass = 0x804299b4
                0x8005ca50                disableDemoControl__7WLClassFb = 0x8005ca50
                0x8005c930                demoControlAllPlayers__7WLClassFv = 0x8005c930
                0x800d8be0                ShakeScreen = 0x800d8be0
                0x80429d28                StageScreen = 0x80429d28
                0x80137320                stunPlayer = 0x80137320
                0x80137460                unstunPlayer = 0x80137460
                0x80064680                createChild__13dStageActor_cF6ActorsP13dStageActor_cUiP7Point3dP6S16VecUc = 0x80064680
                0x8001cdb0                GameMgrBossEndFunc = 0x8001cdb0
                0x807c7ce0                MakeMarioEnterDemoMode = 0x807c7ce0
                0x8005ca50                MakeMarioExitDemoMode = 0x8005ca50
                0x8005ca50                ForceMarioExitDemoMode = 0x8005ca50
                0x80052170                ResetPlayerState = 0x80052170
                0x8001cdb0                UpdateGameMgr = 0x8001cdb0
                0x80056cb0                UnsetShit = 0x80056cb0
                0x80999504                StateID_DemoSt2__12daKameckDemo = 0x80999504
                0x80999544                StateID_DemoSt__12daKameckDemo = 0x80999544
                0x80999584                StateID_DemoWait__12daKameckDemo = 0x80999584
                0x80b8b8ac                StateID_Fall__13daBossKoopa_c = 0x80b8b8ac
                0x8099c88c                StateID_DemoWait__9daNeedles = 0x8099c88c
                0x8099c8d0                StateID_DemoAwake__9daNeedles = 0x8099c8d0
                0x8099c910                StateID_Idle__9daNeedles = 0x8099c910
                0x8099c950                StateID_Die__9daNeedles = 0x8099c950
                0x80353f9c                StateID_None__7dPlayer = 0x80353f9c
                0x80353fdc                StateID_Walk__7dPlayer = 0x80353fdc
                0x8035401c                StateID_Jump__7dPlayer = 0x8035401c
                0x8035441c                StateID_DemoNone__7dPlayer = 0x8035441c
                0x8035449c                StateID_DemoWait__7dPlayer = 0x8035449c
                0x8035485c                StateID_DemoGoal__7dPlayer = 0x8035485c
                0x8035489c                StateID_DemoControl__7dPlayer = 0x8035489c
                0x808a9250                PlayWrenchSound = 0x808a9250
                0x80429e20                WaterManager = 0x80429e20
                0x800eb8b0                CheckforLiquid = 0x800eb8b0
                0x80b7e140                BowserFireballCollision = 0x80b7e140
                0x80b3eb00                BowserDamageAnmClr = 0x80b3eb00
                0x80b1f1d0                BowserDamageStepTwo = 0x80b1f1d0
                0x80b1f1f0                BowserDamageNormal = 0x80b1f1f0
                0x80098d80                BowserDamageKill = 0x80098d80
                0x80b3ee30                BowserDamageEnd = 0x80b3ee30
                0x8008c3e0                ActivePhysics_InitWithStruct = 0x8008c3e0
                0x8008c330                ActivePhysics_AddToList = 0x8008c330
                0x8008c200                __ct__13ActivePhysicsFv = 0x8008c200
                0x8008c260                __dt__13ActivePhysicsFv = 0x8008c260
                0x8006cd90                HandleXSpeed = 0x8006cd90
                0x8006cde0                HandleYSpeed = 0x8006cde0
                0x8006cd40                UpdateObjectPosBasedOnSpeedValues_real = 0x8006cd40
                0x80096240                dSprite_c__getXDirectionOfFurthestPlayerRelativeToVEC3 = 0x80096240
                0x80064740                CalculateDistanceFromActorsNextPosToFurthestPlayer = 0x80064740
                0x800955f0                doSpriteMovement = 0x800955f0
                0x80429c08                instance__17dEffectBreakMgr_c = 0x80429c08
                0x800925f0                spawnTile__17dEffectBreakMgr_cFP7Point3dUic = 0x800925f0
                0x80070cb0                CollidedWithTile = 0x80070cb0
                0x80096e60                SomeStrangeModification = 0x80096e60
                0x8006ced0                Actor_GetVec3WithValuesAdded = 0x8006ced0
                0x8006a4b0                ConvertStagePositionIntoScreenPosition__Maybe = 0x8006a4b0
                0x80197d10                AnotherSoundRelatedFunction = 0x80197d10
                0x80198dd0                YetAnotherSoundPlayer = 0x80198dd0
                0x80196410                CheckIfPlayingSound = 0x80196410
                0x801051c0                RelatedToPlayingSoundsAlongsideAnims = 0x801051c0
                0x8042a1a8                SoundRelatedClass = 0x8042a1a8
                0x80195190                MapSoundPlayer = 0x80195190
                0x80194ea0                PlaySoundWithFunctionB4 = 0x80194ea0
                0x8006a4b0                ConvertStagePositionToScreenPosition__FP7Point2dP7Point3d = 0x8006a4b0
                0x80198a40                PlaySoundAtPosition__17SoundPlayingClassFiP7Point2dUi = 0x80198a40
                0x80429a80                instance2__17SoundPlayingClass = 0x80429a80
                0x801021e0                ExitStage__Fiiii = 0x801021e0
                0x801021e4                ExitStageRealRest = 0x801021e4
                0x80428d74                LastPowerupStoreType = 0x80428d74
                0x8016ef60                zero__4mMtxFv = 0x8016ef60
                0x8016ea00                rotationX__4mMtxFPs = 0x8016ea00
                0x8016eac0                applyRotationX__4mMtxFPs = 0x8016eac0
                0x8016eb20                rotationY__4mMtxFPs = 0x8016eb20
                0x8016ebe0                applyRotationY__4mMtxFPs = 0x8016ebe0
                0x8016ec40                rotationZ__4mMtxFPs = 0x8016ec40
                0x8016ed00                applyRotationZ__4mMtxFPs = 0x8016ed00
                0x8016ed60                applyRotationYXZ__4mMtxFPsPsPs = 0x8016ed60
                0x8016ede0                applyRotationZYX__4mMtxFPsPsPs = 0x8016ede0
                0x802dcab8                _savefpr_14 = 0x802dcab8
                0x802dcabc                _savefpr_15 = 0x802dcabc
                0x802dcac0                _savefpr_16 = 0x802dcac0
                0x802dcac4                _savefpr_17 = 0x802dcac4
                0x802dcac8                _savefpr_18 = 0x802dcac8
                0x802dcacc                _savefpr_19 = 0x802dcacc
                0x802dcad0                _savefpr_20 = 0x802dcad0
                0x802dcad4                _savefpr_21 = 0x802dcad4
                0x802dcad8                _savefpr_22 = 0x802dcad8
                0x802dcadc                _savefpr_23 = 0x802dcadc
                0x802dcae0                _savefpr_24 = 0x802dcae0
                0x802dcae4                _savefpr_25 = 0x802dcae4
                0x802dcae8                _savefpr_26 = 0x802dcae8
                0x802dcaec                _savefpr_27 = 0x802dcaec
                0x802dcaf0                _savefpr_28 = 0x802dcaf0
                0x802dcaf4                _savefpr_29 = 0x802dcaf4
                0x802dcaf8                _savefpr_30 = 0x802dcaf8
                0x802dcafc                _savefpr_31 = 0x802dcafc
                0x802dcb04                _restfpr_14 = 0x802dcb04
                0x802dcb08                _restfpr_15 = 0x802dcb08
                0x802dcb0c                _restfpr_16 = 0x802dcb0c
                0x802dcb10                _restfpr_17 = 0x802dcb10
                0x802dcb14                _restfpr_18 = 0x802dcb14
                0x802dcb18                _restfpr_19 = 0x802dcb18
                0x802dcb1c                _restfpr_20 = 0x802dcb1c
                0x802dcb20                _restfpr_21 = 0x802dcb20
                0x802dcb24                _restfpr_22 = 0x802dcb24
                0x802dcb28                _restfpr_23 = 0x802dcb28
                0x802dcb2c                _restfpr_24 = 0x802dcb2c
                0x802dcb30                _restfpr_25 = 0x802dcb30
                0x802dcb34                _restfpr_26 = 0x802dcb34
                0x802dcb38                _restfpr_27 = 0x802dcb38
                0x802dcb3c                _restfpr_28 = 0x802dcb3c
                0x802dcb40                _restfpr_29 = 0x802dcb40
                0x802dcb44                _restfpr_30 = 0x802dcb44
                0x802dcb48                _restfpr_31 = 0x802dcb48
                0x802dcb50                _savegpr_14 = 0x802dcb50
                0x802dcb54                _savegpr_15 = 0x802dcb54
                0x802dcb58                _savegpr_16 = 0x802dcb58
                0x802dcb5c                _savegpr_17 = 0x802dcb5c
                0x802dcb60                _savegpr_18 = 0x802dcb60
                0x802dcb64                _savegpr_19 = 0x802dcb64
                0x802dcb68                _savegpr_20 = 0x802dcb68
                0x802dcb6c                _savegpr_21 = 0x802dcb6c
                0x802dcb70                _savegpr_22 = 0x802dcb70
                0x802dcb74                _savegpr_23 = 0x802dcb74
                0x802dcb78                _savegpr_24 = 0x802dcb78
                0x802dcb7c                _savegpr_25 = 0x802dcb7c
                0x802dcb80                _savegpr_26 = 0x802dcb80
                0x802dcb84                _savegpr_27 = 0x802dcb84
                0x802dcb88                _savegpr_28 = 0x802dcb88
                0x802dcb8c                _savegpr_29 = 0x802dcb8c
                0x802dcb90                _savegpr_30 = 0x802dcb90
                0x802dcb94                _savegpr_31 = 0x802dcb94
                0x802dcb9c                _restgpr_14 = 0x802dcb9c
                0x802dcba0                _restgpr_15 = 0x802dcba0
                0x802dcba4                _restgpr_16 = 0x802dcba4
                0x802dcba8                _restgpr_17 = 0x802dcba8
                0x802dcbac                _restgpr_18 = 0x802dcbac
                0x802dcbb0                _restgpr_19 = 0x802dcbb0
                0x802dcbb4                _restgpr_20 = 0x802dcbb4
                0x802dcbb8                _restgpr_21 = 0x802dcbb8
                0x802dcbbc                _restgpr_22 = 0x802dcbbc
                0x802dcbc0                _restgpr_23 = 0x802dcbc0
                0x802dcbc4                _restgpr_24 = 0x802dcbc4
                0x802dcbc8                _restgpr_25 = 0x802dcbc8
                0x802dcbcc                _restgpr_26 = 0x802dcbcc
                0x802dcbd0                _restgpr_27 = 0x802dcbd0
                0x802dcbd4                _restgpr_28 = 0x802dcbd4
                0x802dcbd8                _restgpr_29 = 0x802dcbd8
                0x802dcbdc                _restgpr_30 = 0x802dcbdc
                0x802dcbe0                _restgpr_31 = 0x802dcbe0
                0x802dcffc                __shl2i = 0x802dcffc
                0x802b9020                __nw__FUl = 0x802b9020
                0x802b9090                __dl__FPv = 0x802b9090
                0x802b90a0                __dla__FPv = 0x802b90a0
                0x802dc5f0                __construct_new_array = 0x802dc5f0
                0x802dc920                __destroy_new_array = 0x802dc920
                0x802dc8a8                __destroy_arr = 0x802dc8a8
                0x80024c20                sub_80024C20 = 0x80024c20
                0x802dc590                __register_global_object = 0x802dc590
                0x802dca0c                __ptmf_scall = 0x802dca0c
                0x8015f410                setup__13FunctionChainFPPFPv_bUs = 0x8015f410
                0x8006cf40                __ct__14collisionMgr_c = 0x8006cf40
                0x8006cf40                __dt__14collisionMgr_c = 0x8006cf40
                0x8006cfe0                clear1__14collisionMgr_cFv = 0x8006cfe0
                0x8006d000                clear2__14collisionMgr_cFv = 0x8006d000
                0x8006d090                init__14collisionMgr_cFP13dStageActor_cPC12sensorBase_sPC12sensorBase_sPC12sensorBase_s = 0x8006d090
                0x8006d440                Clear3__14collisionMgr_cFv = 0x8006d440
                0x8006db30                calculateBelowCollision__14collisionMgr_cFv = 0x8006db30
                0x80070cb0                isOnTopOfTile__14collisionMgr_cCFv = 0x80070cb0
                0x8006ef40                calculateAboveCollision__14collisionMgr_cFUi = 0x8006ef40
                0x80072bc0                calculateBelowCollisionWithSmokeEffect__14collisionMgr_cFv = 0x80072bc0
                0x8006fa40                calculateAdjacentCollision__14collisionMgr_cFPf = 0x8006fa40
                0x80070760                s_80070760__14collisionMgr_cFv = 0x80070760
                0x800707e0                s_800707E0__14collisionMgr_cFv = 0x800707e0
                0x80070ba0                getTileBehaviour1At__14collisionMgr_cFffUc = 0x80070ba0
                0x80070bf0                getTileBehaviour2At__14collisionMgr_cFffUc = 0x80070bf0
                0x80070720                getBelowSubType__14collisionMgr_c = 0x80070720
                0x80070720                _ZN14collisionMgr_c15getBelowSubTypeEv = 0x80070720
                0x800b83c0                __ct_11freezeMgr_c = 0x800b83c0
                0x800b8460                __dt__11freezeMgr_cFv = 0x800b8460
                0x800b84d0                doSomethingCool1__11freezeMgr_c = 0x800b84d0
                0x800b85a0                doSomethingCool2__11freezeMgr_c = 0x800b85a0
                0x800b8670                setSomething__11freezeMgr_cFUiUiUi = 0x800b8670
                0x800b8680                Create_ICEACTORs__11freezeMgr_cFPvi = 0x800b8680
                0x800b87d0                Delete_ICEACTORs__11freezeMgr_c = 0x800b87d0
                0x800b8850                SetIceTimer_pt1__11freezeMgr_c = 0x800b8850
                0x800b88b0                SetIceTimer_pt2__11freezeMgr_c = 0x800b88b0
                0x800b8930                CheckIceTimer_lte_Value__11freezeMgr_c = 0x800b8930
                0x800b89a0                doSomethingCool3__11freezeMgr_c = 0x800b89a0
                0x800b8a30                doSomethingCool4__11freezeMgr_c = 0x800b8a30
                0x800b8ab0                doSomethingCool5__11freezeMgr_c = 0x800b8ab0
                0x800b8b30                doSomethingCool6__11freezeMgr_c = 0x800b8b30
                0x800b8bb0                DoMeltNormal__11freezeMgr_c = 0x800b8bb0
                0x800b8c70                doSomethingCool7__11freezeMgr_c = 0x800b8c70
                0x800b8e60                CheckCountdownTimer__11freezeMgr_c = 0x800b8e60
                0x80329178                __vt__7fBase_c = 0x80329178
                0x80161b90                onCreate__7fBase_cFv = 0x80161b90
                0x80161c40                onDelete__7fBase_cFv = 0x80161c40
                0x80161ee0                onExecute__7fBase_cFv = 0x80161ee0
                0x801620e0                willBeDeleted__7fBase_cFv = 0x801620e0
                0x80162400                moreHeapShit__7fBase_cFUiPv = 0x80162400
                0x80162600                createHeap__7fBase_cFUiPv = 0x80162600
                0x801626c0                heapCreated__7fBase_cFv = 0x801626c0
                0x80162320                Delete__7fBase_cFv = 0x80162320
                0x801627c0                findNextUninitialisedProcess__7fBase_cFv = 0x801627c0
                0x80162830                hasUninitialisedProcesses__7fBase_cFv = 0x80162830
                0x80161fe0                onDraw__7fBase_cFv = 0x80161fe0
                0x80162320                _Z15fBase_c__DeletePv = 0x80162320
                0x80162320                fBase_c__Delete__FPv = 0x80162320
                0x80317680                __vt__15StageActorLight = 0x80317680
                0x800cca00                init__15StageActorLightFPvi = 0x800cca00
                0x800ccac0                update__15StageActorLight = 0x800ccac0
                0x800ccb70                draw__15StageActorLight = 0x800ccb70
                0x800ccb70                _ZN15StageActorLight6updateEv = 0x800ccb70
                0x800ccb70                _ZN15StageActorLight4drawEv = 0x800ccb70
                0x800414a0                __dt__15StageActorLight = 0x800414a0
                0x8006c660                GetExplanationString__7dBase_cFv = 0x8006c660
                0x80301cc8                __vt__15daEnBlockMain_c = 0x80301cc8
                0x80023340                __dt__15daEnBlockMain_cFv = 0x80023340
                0x80022e80                calledWhenUpMoveBegins__15daEnBlockMain_cFv = 0x80022e80
                0x80022f60                calledWhenDownMoveBegins__15daEnBlockMain_cFv = 0x80022f60
                0x80022f30                calledWhenUpMoveExecutes__15daEnBlockMain_cFv = 0x80022f30
                0x800231a0                calledWhenUpMoveDiffExecutes__15daEnBlockMain_cFv = 0x800231a0
                0x80023010                calledWhenDownMoveExecutes__15daEnBlockMain_cFv = 0x80023010
                0x80023080                calledWhenDownMoveEndExecutes__15daEnBlockMain_cFv = 0x80023080
                0x800232c0                calledWhenDownMoveDiffExecutes__15daEnBlockMain_cFv = 0x800232c0
                0x80023330                calledWhenDownMoveDiffEndExecutes__15daEnBlockMain_cFv = 0x80023330
                0x80022dc0                updateScale__15daEnBlockMain_cFb = 0x80022dc0
                0x80022e60                upMove_Begin__15daEnBlockMain_cFv = 0x80022e60
                0x80022ea0                upMove_Execute__15daEnBlockMain_cFv = 0x80022ea0
                0x80022e90                upMove_End__15daEnBlockMain_cFv = 0x80022e90
                0x80022f40                downMove_Begin__15daEnBlockMain_cFv = 0x80022f40
                0x80022f80                downMove_Execute__15daEnBlockMain_cFv = 0x80022f80
                0x80022f70                downMove_End__15daEnBlockMain_cFv = 0x80022f70
                0x80023020                downMoveEnd_Begin__15daEnBlockMain_cFv = 0x80023020
                0x80023040                downMoveEnd_Execute__15daEnBlockMain_cFv = 0x80023040
                0x80023030                downMoveEnd_End__15daEnBlockMain_cFv = 0x80023030
                0x80023090                upMove_Diff_Begin__15daEnBlockMain_cFv = 0x80023090
                0x800230d0                upMove_Diff_Execute__15daEnBlockMain_cFv = 0x800230d0
                0x800230c0                upMove_Diff_End__15daEnBlockMain_cFv = 0x800230c0
                0x800231b0                downMove_Diff_Begin__15daEnBlockMain_cFv = 0x800231b0
                0x800231f0                downMove_Diff_Execute__15daEnBlockMain_cFv = 0x800231f0
                0x800231e0                downMove_Diff_End__15daEnBlockMain_cFv = 0x800231e0
                0x800232d0                downMove_DiffEnd_Begin__15daEnBlockMain_cFv = 0x800232d0
                0x800232f0                downMove_DiffEnd_Execute__15daEnBlockMain_cFv = 0x800232f0
                0x800232e0                downMove_DiffEnd_End__15daEnBlockMain_cFv = 0x800232e0
                0x80021690                blockInit__15daEnBlockMain_cFf = 0x80021690
                0x800217b0                blockUpdate__15daEnBlockMain_cFv = 0x800217b0
                0x800212c0                blockResult__15daEnBlockMain_cFv = 0x800212c0
                0x80021180                PhysicsCallback1__15daEnBlockMain_c = 0x80021180
                0x80021170                PhysicsCallback2__15daEnBlockMain_c = 0x80021170
                0x800211a0                PhysicsCallback3__15daEnBlockMain_c = 0x800211a0
                0x80020bf0                OPhysicsCallback1__15daEnBlockMain_c = 0x80020bf0
                0x80020e70                OPhysicsCallback2__15daEnBlockMain_c = 0x80020e70
                0x80021010                OPhysicsCallback3__15daEnBlockMain_c = 0x80021010
                0x803527b4                StateID_UpMove__15daEnBlockMain_c = 0x803527b4
                0x803527f4                StateID_DownMove__15daEnBlockMain_c = 0x803527f4
                0x80352834                StateID_DownMoveEnd__15daEnBlockMain_c = 0x80352834
                0x80352874                StateID_UpMove_Diff__15daEnBlockMain_c = 0x80352874
                0x803528b4                StateID_DownMove_Diff__15daEnBlockMain_c = 0x803528b4
                0x803528f4                StateID_DownMove_DiffEnd__15daEnBlockMain_c = 0x803528f4
                0x80094e80                __ct__5dEn_cFv = 0x80094e80
                0x80095130                __dt__5dEn_cFv = 0x80095130
                0x80097050                sub_80097050__5dEn_cFv = 0x80097050
                0x80096f60                manageBelowCollision__5dEn_cFv = 0x80096f60
                0x800951d0                afterCreate__5dEn_cFi = 0x800951d0
                0x80095240                beforeExecute__5dEn_cFv = 0x80095240
                0x80095480                afterExecute__5dEn_cFi = 0x80095480
                0x800954a0                beforeDraw__5dEn_cFv = 0x800954a0
                0x80097f70                kill__5dEn_cFv = 0x80097f70
                0x80097c40                eatIn__5dEn_cFv = 0x80097c40
                0x80097cb0                disableEatIn__5dEn_cFv = 0x80097cb0
                0x80097d30                spitOut__5dEn_cFPv = 0x80097d30
                0x800973f0                _vfCC__5dEn_cFP7Point2df = 0x800973f0
                0x800974f0                _vfD0__5dEn_cFP7Point2df = 0x800974f0
                0x800a7df0                doStateChange__5dEn_cFP12dStateBase_c = 0x800a7df0
                0x80097df0                _ZN5dEn_c5_vfACEPv = 0x80097df0
                0x80095950                collisionCallback__5dEn_cFP13ActivePhysicsP13ActivePhysics = 0x80095950
                0x80095ce0                preSpriteCollision__5dEn_cFP13ActivePhysicsP13ActivePhysics = 0x80095ce0
                0x80095d30                prePlayerCollision__5dEn_cFP13ActivePhysicsP13ActivePhysics = 0x80095d30
                0x80095f50                preYoshiCollision__5dEn_cFP13ActivePhysicsP13ActivePhysics = 0x80095f50
                0x80096060                stageActorCollision__5dEn_cFP13ActivePhysicsP13ActivePhysics = 0x80096060
                0x80095c10                spriteCollision__5dEn_cFP13ActivePhysicsP13ActivePhysics = 0x80095c10
                0x80095c20                playerCollision__5dEn_cFP13ActivePhysicsP13ActivePhysics = 0x80095c20
                0x80095c80                yoshiCollision__5dEn_cFP13ActivePhysicsP13ActivePhysics = 0x80095c80
                0x8009f840                collisionCat3_StarPower__5dEn_cFP13ActivePhysicsP13ActivePhysics = 0x8009f840
                0x8009fb50                collisionCat5_Mario__5dEn_cFP13ActivePhysicsP13ActivePhysics = 0x8009fb50
                0x8009fe40                _vf108__5dEn_cFP13ActivePhysicsP13ActivePhysics = 0x8009fe40
                0x8009ffd0                collisionCatD_Drill__5dEn_cFP13ActivePhysicsP13ActivePhysics = 0x8009ffd0
                0x8009ffc0                _vf110__5dEn_cFP13ActivePhysicsP13ActivePhysics = 0x8009ffc0
                0x8009fce0                collisionCat8_FencePunch__5dEn_cFP13ActivePhysicsP13ActivePhysics = 0x8009fce0
                0x800a0150                collisionCat7_GroundPound__5dEn_cFP13ActivePhysicsP13ActivePhysics = 0x800a0150
                0x800a02d0                collisionCat7_GroundPoundYoshi__5dEn_cFP13ActivePhysicsP13ActivePhysics = 0x800a02d0
                0x8009fcd0                _vf120__5dEn_cFP13ActivePhysicsP13ActivePhysics = 0x8009fcd0
                0x8009fcc0                collisionCatA_PenguinMario__5dEn_cFP13ActivePhysicsP13ActivePhysics = 0x8009fcc0
                0x8009f9d0                collisionCat11_PipeCannon__5dEn_cFP13ActivePhysicsP13ActivePhysics = 0x8009f9d0
                0x800a0700                collisionCat9_RollingObject__5dEn_cFP13ActivePhysicsP13ActivePhysics = 0x800a0700
                0x800a08d0                collisionCat1_Fireball_E_Explosion__5dEn_cFP13ActivePhysicsP13ActivePhysics = 0x800a08d0
                0x800a0a30                collisionCat2_IceBall_15_YoshiIce__5dEn_cFP13ActivePhysicsP13ActivePhysics = 0x800a0a30
                0x800a03c0                collisionCat13_Hammer__5dEn_cFP13ActivePhysicsP13ActivePhysics = 0x800a03c0
                0x800a0550                collisionCat14_YoshiFire__5dEn_cFP13ActivePhysicsP13ActivePhysics = 0x800a0550
                0x800a0ea0                killWithSpecifiedState__5dEn_cFP13dStageActor_cP7Point2dP12dStateBase_cUi = 0x800a0ea0
                0x800a10b0                _vf140__5dEn_cFP13dStageActor_c = 0x800a10b0
                0x800a0c70                powBlockActivated__5dEn_cFb = 0x800a0c70
                0x800a12a0                _vf148__5dEn_cFv = 0x800a12a0
                0x800a1370                _vf14C__5dEn_cFv = 0x800a1370
                0x800206d0                canBePowed__5dEn_cFv = 0x800206d0
                0x80096230                eatenByYoshiProbably__5dEn_cFv = 0x80096230
                0x800a1190                killByDieFall__5dEn_cFP13dStageActor_c = 0x800a1190
                0x800a1c00                playHpdpSound1__5dEn_cFv = 0x800a1c00
                0x800a1bb0                playEnemyDownSound1__5dEn_cFv = 0x800a1bb0
                0x800a1c80                playEnemyDownComboSound__5dEn_cFPv = 0x800a1c80
                0x800a1d90                playHpdpSound2__5dEn_cFv = 0x800a1d90
                0x800a1e10                _vf168__5dEn_cFv = 0x800a1e10
                0x800a1470                dieFumi_Begin__5dEn_cFv = 0x800a1470
                0x800a1600                dieFumi_Execute__5dEn_cFv = 0x800a1600
                0x800a1820                dieFumi_End__5dEn_cFv = 0x800a1820
                0x800a16a0                dieFall_Begin__5dEn_cFv = 0x800a16a0
                0x800a1830                dieFall_Execute__5dEn_cFv = 0x800a1830
                0x800a1820                dieFall_End__5dEn_cFv = 0x800a1820
                0x800a1910                dieBigFall_Begin__5dEn_cFv = 0x800a1910
                0x800a1930                dieBigFall_Execute__5dEn_cFv = 0x800a1930
                0x800a1920                dieBigFall_End__5dEn_cFv = 0x800a1920
                0x800a1980                dieSmoke_Begin__5dEn_cFv = 0x800a1980
                0x800a1a00                dieSmoke_Execute__5dEn_cFv = 0x800a1a00
                0x800a19f0                dieSmoke_End__5dEn_cFv = 0x800a19f0
                0x800a1ac0                dieYoshiFumi_Begin__5dEn_cFv = 0x800a1ac0
                0x800a1b40                dieYoshiFumi_Execute__5dEn_cFv = 0x800a1b40
                0x800a1b30                dieYoshiFumi_End__5dEn_cFv = 0x800a1b30
                0x800a1a10                dieIceVanish_Begin__5dEn_cFv = 0x800a1a10
                0x800a1ab0                dieIceVanish_Execute__5dEn_cFv = 0x800a1ab0
                0x800a1aa0                dieIceVanish_End__5dEn_cFv = 0x800a1aa0
                0x800a1b50                dieGoal_Begin__5dEn_cFv = 0x800a1b50
                0x800a1b70                dieGoal_Execute__5dEn_cFv = 0x800a1b70
                0x800a1b60                dieGoal_End__5dEn_cFv = 0x800a1b60
                0x800a1b80                dieOther_Begin__5dEn_cFv = 0x800a1b80
                0x800a1ba0                dieOther_Execute__5dEn_cFv = 0x800a1ba0
                0x800a1b90                dieOther_End__5dEn_cFv = 0x800a1b90
                0x800a81c0                eatIn_Begin__5dEn_cFv = 0x800a81c0
                0x800a81e0                eatIn_Execute__5dEn_cFv = 0x800a81e0
                0x800a81d0                eatIn_End__5dEn_cFv = 0x800a81d0
                0x800a8260                eatNow_Begin__5dEn_cFv = 0x800a8260
                0x800a8280                eatNow_Execute__5dEn_cFv = 0x800a8280
                0x800a8270                eatNow_End__5dEn_cFv = 0x800a8270
                0x800a8290                eatOut_Begin__5dEn_cFv = 0x800a8290
                0x800a82b0                eatOut_Execute__5dEn_cFv = 0x800a82b0
                0x800a82a0                eatOut_End__5dEn_cFv = 0x800a82a0
                0x800a8190                hitSpin_Begin__5dEn_cFv = 0x800a8190
                0x800a81b0                hitSpin_Execute__5dEn_cFv = 0x800a81b0
                0x800a81a0                hitSpin_End__5dEn_cFv = 0x800a81a0
                0x800a7e90                ice_Begin__5dEn_cFv = 0x800a7e90
                0x800a7f40                ice_Execute__5dEn_cFv = 0x800a7f40
                0x800a7f30                ice_End__5dEn_cFv = 0x800a7f30
                0x80095520                spawnHitEffectAtPosition__5dEn_cF7Point2d = 0x80095520
                0x80095530                doSomethingWithHardHitAndSoftHitEffects__5dEn_cF7Point3d = 0x80095530
                0x80095580                playEnemyDownSound2__5dEn_cFv = 0x80095580
                0x800955d0                add2ToYSpeed__5dEn_cFv = 0x800955d0
                0x80095890                _vf218__5dEn_cFv = 0x80095890
                0x80097770                _vf21C__5dEn_cFv = 0x80097770
                0x80097f20                _vf220__5dEn_cFPv = 0x80097f20
                0x80097f60                _vf224__5dEn_cFv = 0x80097f60
                0x800206c0                _vf228__5dEn_cFv = 0x800206c0
                0x800a8060                CreateIceActors__5dEn_cFv = 0x800a8060
                0x800a8150                _vf230__5dEn_cFv = 0x800a8150
                0x800a8160                _vf234__5dEn_cFv = 0x800a8160
                0x800a8180                _vf238__5dEn_cFv = 0x800a8180
                0x800206b0                _vf23C__5dEn_cFv = 0x800206b0
                0x800206a0                _vf240__5dEn_cFv = 0x800206a0
                0x80020690                _vf244__5dEn_cFv = 0x80020690
                0x800968e0                _vf248__5dEn_cFi = 0x800968e0
                0x80096710                bouncePlayerWhenJumpedOn__5dEn_cFPv = 0x80096710
                0x80096700                addScoreWhenHit__5dEn_cFPv = 0x80096700
                0x80096720                _vf254__5dEn_cFPv = 0x80096720
                0x80096760                _vf258__5dEn_cFPv = 0x80096760
                0x80096770                _vf25C__5dEn_cFPv = 0x80096770
                0x80096910                _vf260__5dEn_cFPv = 0x80096910
                0x80096d60                _vf264__5dEn_cFP13dStageActor_c = 0x80096d60
                0x80096a20                _vf268__5dEn_cFPv = 0x80096a20
                0x80096df0                spawnHitEffectAtPositionAgain__5dEn_cF7Point2d = 0x80096df0
                0x80096c40                playMameStepSound__5dEn_cFv = 0x80096c40
                0x80096e50                _vf274__5dEn_cFv = 0x80096e50
                0x80096b30                _vf278__5dEn_cFPv = 0x80096b30
                0x80096e40                _vf27C__5dEn_cFv = 0x80096e40
                0x80357934                StateID_DieFumi__5dEn_c = 0x80357934
                0x80357974                StateID_DieFall__5dEn_c = 0x80357974
                0x803579b4                StateID_DieBigFall__5dEn_c = 0x803579b4
                0x803579f4                StateID_DieSmoke__5dEn_c = 0x803579f4
                0x80357a34                StateID_DieIceVanish__5dEn_c = 0x80357a34
                0x80357a74                StateID_DieYoshiFumi__5dEn_c = 0x80357a74
                0x80357ab4                StateID_DieGoal__5dEn_c = 0x80357ab4
                0x80357af4                StateID_DieOther__5dEn_c = 0x80357af4
                0x800955f0                doSpriteMovement__5dEn_cFv = 0x800955f0
                0x800978c0                CheckIfPlayerBelow__5dEn_cFff = 0x800978c0
                0x800957b0                stuffRelatingToCollisions__5dEn_cFfff = 0x800957b0
                0x80097250                checkLiquidImmersion__5dEn_cFP4VEC2f = 0x80097250
                0x800967a0                bouncePlayer__5dEn_cFPvf = 0x800967a0
                0x80066fc0                __ct__13dActorState_cFv = 0x80066fc0
                0x800671b0                __dt__13dActorState_cFv = 0x800671b0
                0x80067230                beginState_Gegneric__13dActorState_cFv = 0x80067230
                0x80067240                endState_Gegneric__13dActorState_cFv = 0x80067240
                0x80067250                executeState_Gegneric__13dActorState_cFv = 0x80067250
                0x80067590                _vfD8__18dActorMultiState_cFv = 0x80067590
                0x800675b0                _vfDC__18dActorMultiState_cFv = 0x800675b0
                0x800675a0                _vfE0__18dActorMultiState_cFv = 0x800675a0
                0x80064110                __ct__13dStageActor_cFv = 0x80064110
                0x800642b0                __dt__13dStageActor_cFv = 0x800642b0
                0x80064350                beforeCreate__13dStageActor_cFv = 0x80064350
                0x80064380                afterCreate__13dStageActor_cFi = 0x80064380
                0x80064390                beforeDelete__13dStageActor_cFv = 0x80064390
                0x800643e0                afterDelete__13dStageActor_cFi = 0x800643e0
                0x800643f0                beforeExecute__13dStageActor_cFv = 0x800643f0
                0x80064490                afterExecute__13dStageActor_cFi = 0x80064490
                0x80064540                beforeDraw__13dStageActor_cFv = 0x80064540
                0x800645e0                afterDraw__13dStageActor_cFi = 0x800645e0
                0x800645f0                GetExplanationString__13dStageActor_cFv = 0x800645f0
                0x80065080                isOutOfView__13dStageActor_cFv = 0x80065080
                0x80065650                kill__13dStageActor_cFv = 0x80065650
                0x8001d210                _vf68__13dStageActor_cFv = 0x8001d210
                0x8001d200                _vf6C__13dStageActor_cFv = 0x8001d200
                0x80065620                _vf70__13dStageActor_cFv = 0x80065620
                0x8001d1f0                _vf74__13dStageActor_cFv = 0x8001d1f0
                0x80065820                itemPickedUp__13dStageActor_cFv = 0x80065820
                0x8001d1e0                _vf7C__13dStageActor_cFv = 0x8001d1e0
                0x80065830                eatIn__13dStageActor_cFv = 0x80065830
                0x80065850                disableEatIn__13dStageActor_cFv = 0x80065850
                0x80065860                _vf88__13dStageActor_cFv = 0x80065860
                0x80065870                spitOut__13dStageActor_cFPv = 0x80065870
                0x80065880                _vf90__13dStageActor_cFP13dStageActor_c = 0x80065880
                0x80065ac0                _vf94__13dStageActor_cFPv = 0x80065ac0
                0x80066080                removeMyActivePhysics__13dStageActor_cFv = 0x80066080
                0x80066090                addMyActivePhysics__13dStageActor_cFv = 0x80066090
                0x80065950                returnRegularScale__13dStageActor_cFv = 0x80065950
                0x80065970                _vfA4__13dStageActor_cFPv = 0x80065970
                0x80065a00                _vfA8__13dStageActor_cFPv = 0x80065a00
                0x80065a40                _vfAC__13dStageActor_cFPv = 0x80065a40
                0x80065660                killedByLevelClear__13dStageActor_cFv = 0x80065660
                0x80065b40                _vfB4__13dStageActor_cFv = 0x80065b40
                0x8001d1d0                _vfB8__13dStageActor_cFv = 0x8001d1d0
                0x80065b50                _vfBC__13dStageActor_cFv = 0x80065b50
                0x80065b60                _vfC0__13dStageActor_cFv = 0x80065b60
                0x80065b70                _vfC4__13dStageActor_cFv = 0x80065b70
                0x80065cc0                _vfC8__13dStageActor_cFP7Point2df = 0x80065cc0
                0x80065dc0                _vfCC__13dStageActor_cFP7Point2df = 0x80065dc0
                0x80065ec0                _vfD0__13dStageActor_cFP7Point2df = 0x80065ec0
                0x80064da0                outOfZone__13dStageActor_cF7Point3dPfUc = 0x80064da0
                0x80064f50                checkZoneBoundaries__13dStageActor_cFUi = 0x80064f50
                0x80064610                create__13dStageActor_cF6ActorsUiP7Point3dP6S16VecUc = 0x80064610
                0x80064610                create__13dStageActor_cF6ActorsUiP4VEC3P6S16VecUc = 0x80064610
                0x80064d10                Delete__13dStageActor_cFUc = 0x80064d10
                0x800e1930                __ct__8dScene_cFv = 0x800e1930
                0x800e19a0                __dt__8dScene_cFv = 0x800e19a0
                0x800e1a20                beforeCreate__8dScene_cFv = 0x800e1a20
                0x800e1a60                afterCreate__8dScene_cFi = 0x800e1a60
                0x800e1ad0                beforeDelete__8dScene_cFv = 0x800e1ad0
                0x800e1b00                afterDelete__8dScene_cFi = 0x800e1b00
                0x800e1b60                beforeExecute__8dScene_cFv = 0x800e1b60
                0x800e1ca0                afterExecute__8dScene_cFi = 0x800e1ca0
                0x800e1cf0                beforeDraw__8dScene_cFv = 0x800e1cf0
                0x800e1d20                afterDraw__8dScene_cFi = 0x800e1d20
                0x8006c6d0                __ct__8dActor_cFv = 0x8006c6d0
                0x8006c7f0                __dt__8dActor_cFv = 0x8006c7f0
                0x8006cd40                UpdateObjectPosBasedOnSpeedValuesReal__8dActor_cFv = 0x8006cd40
                0x8006cd90                HandleXSpeed__8dActor_cFv = 0x8006cd90
                0x8006cde0                HandleYSpeed__8dActor_cFv = 0x8006cde0
                0x8006c420                __ct__7dBase_cFv = 0x8006c420
                0x8006c490                __dt__7dBase_cFv = 0x8006c490
                0x8006c540                beforeCreate__7dBase_cFv = 0x8006c540
                0x8006c570                afterCreate__7dBase_cFi = 0x8006c570
                0x8006c580                beforeDelete__7dBase_cFv = 0x8006c580
                0x8006c5b0                afterDelete__7dBase_cFi = 0x8006c5b0
                0x8006c5c0                beforeExecute__7dBase_cFv = 0x8006c5c0
                0x8006c600                afterExecute__7dBase_cFi = 0x8006c600
                0x8006c610                beforeDraw__7dBase_cFv = 0x8006c610
                0x8006c650                afterDraw__7dBase_cFi = 0x8006c650
                0x8006ca50                specialDraw1__8dActor_cFv = 0x8006ca50
                0x8006ca60                specialDraw2__8dActor_cFv = 0x8006ca60
                0x8001d1c0                _vf58__8dActor_cFv = 0x8001d1c0
                0x8001d1b0                _vf5C__8dActor_cFv = 0x8001d1b0
                0x8015f5d0                __ct__12dStateBase_cFPCc = 0x8015f5d0
                0x8015f610                __dt__12dStateBase_cFv = 0x8015f610
                0x8015f650                isInvalid__12dStateBase_cFv = 0x8015f650
                0x8015f660                isEqualNotUsedForSomeReason__12dStateBase_cFP12dStateBase_c = 0x8015f660
                0x8015f6d0                isEqual__12dStateBase_cFP12dStateBase_c = 0x8015f6d0
                0x8015f6e0                isNotEqual__12dStateBase_cFP12dStateBase_c = 0x8015f6e0
                0x8015f730                getName__12dStateBase_cFv = 0x8015f730
                0x8015f740                getID__12dStateBase_cFv = 0x8015f740
                0x800142a0                isSameStateName__12dStateBase_cFPCc = 0x800142a0
                0x80012970                doBegin__12dStateBase_cFPv = 0x80012970
                0x80012940                doExecute__12dStateBase_cFPv = 0x80012940
                0x80012910                doEnd__12dStateBase_cFPv = 0x80012910
                0x80377784                mNoState__12dStateBase_c = 0x80377784
                0x8015f800                __dt__15dStateMgrBase_cFv = 0x8015f800
                0x8015faa0                __ct__11dStateMgr_cFP17dStatePointless_cP20dStateExecutorBase_cP12dStateBase_c = 0x8015faa0
                0x800e3a60                __ct__10dFlagMgr_c = 0x800e3a60
                0x800e3b20                setup__10dFlagMgr_cFb = 0x800e3b20
                0x800e3ea0                applyAndClearAllTimedActions__10dFlagMgr_cFv = 0x800e3ea0
                0x800e3f90                execute__10dFlagMgr_cFv = 0x800e3f90
                0x800e4140                set__10dFlagMgr_cFUcibbbUi = 0x800e4140
                0x800e43f0                findLowestFlagInSet__10dFlagMgr_cFUiUl = 0x800e43f0
                0x800e44d0                setSpecial__10dFlagMgr_cFUcffUcUiUl = 0x800e44d0
                0x800e4510                get8__10dFlagMgr_cFUc = 0x800e4510
                0x800e4520                get108__10dFlagMgr_cFUc = 0x800e4520
                0x800e4530                get208__10dFlagMgr_cFUc = 0x800e4530
                0x800e4540                get248__10dFlagMgr_cFUc = 0x800e4540
                0x800e4560                get448__10dFlagMgr_cFUc = 0x800e4560
                0x80429d98                instance__10dFlagMgr_c = 0x80429d98
                0x8008c2c0                clear__13ActivePhysicsFv = 0x8008c2c0
                0x8008c380                removeFromList__13ActivePhysicsFv = 0x8008c380
                0x8008c330                addToList__13ActivePhysicsFv = 0x8008c330
                0x8008c3e0                initWithStruct__13ActivePhysicsFP8dActor_cPCQ213ActivePhysics4Info = 0x8008c3e0
                0x8008c4f0                bottom__13ActivePhysicsFv = 0x8008c4f0
                0x80429b80                globalListHead__13ActivePhysics = 0x80429b80
                0x8007f7a0                __ct__7PhysicsFv = 0x8007f7a0
                0x8007f810                __dt__7PhysicsFv = 0x8007f810
                0x8007f9b0                baseSetup__7PhysicsFP8dActor_cPvPvPvUcUc = 0x8007f9b0
                0x8007fa40                setup__7PhysicsFP8dActor_cffffPvPvPvUcUcP7Point2d = 0x8007fa40
                0x8007fb10                setup__7PhysicsFP8dActor_cPQ27Physics4InfoUcUcP7Point2d = 0x8007fb10
                0x8007fb80                setupRound__7PhysicsFP8dActor_cfffPvPvPvUcUcP7Point2d = 0x8007fb80
                0x80429b00                globalListHead__7Physics = 0x80429b00
                0x8007fd80                setPtrToRotation__7PhysicsFPs = 0x8007fd80
                0x808a2110                spinningPhysicsCallback = 0x808a2110
                0x8007f900                addToList__7PhysicsFv = 0x8007f900
                0x8007f950                removeFromList__7PhysicsFv = 0x8007f950
                0x8007fda0                update__7PhysicsFv = 0x8007fda0
                0x80078520                getTileRendererList__7dBgGm_cFi = 0x80078520
                0x80077520                getPointerToTile__8BgGmBaseFiiiPib = 0x80077520
                0x80077860                placeTile__8BgGmBaseFUsUsii = 0x80077860
                0x80078410                makeSplash__8BgGmBaseFffi = 0x80078410
                0x80014820                add__Q212TileRenderer4ListFP12TileRenderer = 0x80014820
                0x80014860                remove__Q212TileRenderer4ListFP12TileRenderer = 0x80014860
                0x800145b0                __ct__12TileRendererFv = 0x800145b0
                0x800145f0                __dt__12TileRendererFv = 0x800145f0
                0x800146b0                setPosition__12TileRendererFfff = 0x800146b0
                0x800146d0                setVars__12TileRendererFf = 0x800146d0
                0x800d6c40                __ct__21dPlayerModelHandler_cFUc = 0x800d6c40
                0x800d6d70                loadModel__21dPlayerModelHandler_cFUcii = 0x800d6d70
                0x800d6ec0                setSRT__21dPlayerModelHandler_cF7Point3d6S16Vec7Point3d = 0x800d6ec0
                0x800d6f80                callVF20__21dPlayerModelHandler_cFv = 0x800d6f80
                0x800d6fa0                draw__21dPlayerModelHandler_cFv = 0x800d6fa0
                0x800d6e10                update__21dPlayerModelHandler_cFv = 0x800d6e10
                0x800d6e30                setMatrix__21dPlayerModelHandler_cFPA4_f = 0x800d6e30
                0x80162b60                _Z15FindActorByType6ActorsP5Actor = 0x80162b60
                0x80162b60                FindActorByType__F6ActorsP5Actor = 0x80162b60
                0x800df100                _Z19RetrieveFileFromArcPvPcS0_ = 0x800df100
                0x8015f540                _Z8OSReportPKcz = 0x8015f540
                0x8015f540                OSReport__FPCce = 0x8015f540
                0x801af3e0                _Z7OSFatal7GXColorS_PKc = 0x801af3e0
                0x800e2500                GetSomeSizeRelatedBULLSHIT__Fv = 0x800e2500
                0x800e2670                CalculateSomethingAboutRatio__Fffff = 0x800e2670
                0x800e2740                CalculateSomethingElseAboutRatio__Fv = 0x800e2740
                0x80169030                DoSomethingCameraRelatedWithEGGScreen__FiPQ23EGG6Screen = 0x80169030
                0x80429e0c                GlobalScreenWidth = 0x80429e0c
                0x80429e10                GlobalScreenHeight = 0x80429e10
                0x8042ac28                currentScreenSizeID = 0x8042ac28
                0x80350240                ScreenSizesAndMultipliers = 0x80350240
                0x802c68f0                setOrtho__Q23EGG7FrustumFffffff = 0x802c68f0
                0x802d0ad0                __ct__Q23EGG6ScreenFv = 0x802d0ad0
                0x802d08b0                __dt__Q23EGG6ScreenFv = 0x802d08b0
                0x802d0e20                _ZN3EGG6Screen14loadIntoCameraEN4nw4r3g3d6CameraE = 0x802d0e20
[...]
                0x0006caed                .dwarf.0007.__vt__Q23m3d6proc_c
                0x0006cda5                .dwarf.0002.m3d::scnLeaf_c::scnLeaf_c
                0x0006cf0b                .dwarf.0002.m3d::proc_c::proc_c
                0x0006d369                .dwarf.0007.__vt__22dState_c<10daBallon_c>
                0x0006d3b7                .dwarf.0007.__vt__27dState_c<15daSuperBubble_c>
                0x0006d40a                .dwarf.0007.__vt__29dState_c<17daEnTripleBlock_c>
                0x0006d45f                .dwarf.0007.__vt__22dState_c<10dGoombaPie>
                0x0006d4ad                .dwarf.0007.__vt__25dState_c<13dThunderCloud>
                0x0006d4fe                .dwarf.0007.__vt__26dState_c<14daElectricLine>
                0x0006d550                .dwarf.0007.__vt__25dState_c<13daShyGuyGiant>
                0x0006d5a1                .dwarf.0007.__vt__19dState_c<8daShyGuy>
                0x0006d5ec                .dwarf.0007.__vt__20dState_c<9daDreidel>
                0x0006d638                .dwarf.0007.__vt__23dState_c<11daSamurshai>
                0x0006d687                .dwarf.0007.__vt__26dState_c<14daMegaGoomba_c>
                0x0006d6d9                .dwarf.0007.__vt__19dState_c<8daTopman>
                0x0006d724                .dwarf.0007.__vt__26dState_c<14daEnMsgBlock_c>
                0x0006d776                .dwarf.0007.__vt__28dState_c<16daEnEventBlock_c>
                0x0006d7ca                .dwarf.0007.__vt__28dState_c<16dMsgBoxManager_c>
                0x0006d81e                .dwarf.0007.__vt__28dState_c<16daBoomerangHax_c>
                0x0006d872                .dwarf.0007.__vt__25dState_c<13daFireLaser_c>
                0x0006d8c3                .dwarf.0007.__vt__20dState_c<9daMrSun_c>
                0x0006d90f                .dwarf.0007.__vt__27dState_c<15daEnFlipBlock_c>
                0x0006d962                .dwarf.0007.__vt__26dState_c<14daEnChestnut_c>
                0x0006d9a2                .dwarf.0007.sAllocatorFunc__FrmHeap
                0x0006dbb8                .dwarf.0002.dStateBase_c::dStateBase_c
                0x0006dc8c                .dwarf.0007.ClownDemoWaitState
                0x0006dcbc                .dwarf.0007.JrClownDemoWaitState
                0x0006dcee                .dwarf.0007.JrClownEndDemoState
                0x0006dd71                .dwarf.0002.TimeKeeper::TimeKeeper
                0x0006deb6                .dwarf.0007.instance__10TimeKeeper
                0x0006def8                .dwarf.0007.GameTimerB
                0x0006df1e                .dwarf.0007.enableHardMode
                0x0006e007                .dwarf.0002.daNeedles::daNeedles
                0x0006e348                .dwarf.0002.dState_c<9daNeedles>::dState_c
                0x0006e439                .dwarf.0007.StateID_Die__9daNeedles
                0x0006e47c                .dwarf.0007.StateID_Idle__9daNeedles
                0x0006e4c1                .dwarf.0007.StateID_DemoWait__9daNeedles
                0x0006e7ae                .dwarf.0002.dState_c<5dEn_c>::dState_c
                0x0006e89f                .dwarf.0007.StateID_DieSmoke__5dEn_c
                0x0006e908                .dwarf.0002.dState_c<13dActorState_c>::dState_c
                0x0006e9f9                .dwarf.0002.dStateMethodExecutor_c<13dActorState_c>::dStateMethodExecutor_c
                0x0006ebbd                .dwarf.0002.dStateExecutor_c<13dActorState_c>::dStateExecutor_c
                0x0006edeb                .dwarf.0002.dStateWrapperBase_c<13dActorState_c>::dStateWrapperBase_c
                0x0006efa3                .dwarf.0002.dStateWrapper_c<13dActorState_c>::dStateWrapper_c
                0x0006f0bb                .dwarf.0002.dActorState_c::dActorState_c
                0x0006f1c4                .dwarf.0002.dState_c<12daBossDemo_c>::dState_c
                0x0006f3ba                .dwarf.0002.daBossDemo_c::daBossDemo_c
                0x0006f5cb                .dwarf.0002.StageE4::StageE4
                0x0006f664                .dwarf.0007.instance__7StageE4
                0x0006f6c2                .dwarf.0007.Player_Active
                0x0006f6ed                .dwarf.0007.StageScreen
                0x0006f714                .dwarf.0007.StateID_DieOther__5dEn_c
                0x0006f75d                .dwarf.0007.EnemyBounceValue
                0x0006f814                .dwarf.0002.StageC4::StageC4
                0x0006fa1c                .dwarf.0007.instance__7StageC4
                0x0006fa5a                .dwarf.0007.MessageBoxIsShowing
                0x0006fb14                .dwarf.0002.GMgr8::GMgr8
                0x0006fe0b                .dwarf.0013.GMgrA0::GMgrA0
                0x0007012f                .dwarf.0002.GameMgr::GameMgr
                0x000709f2                .dwarf.0007.GameMgrP
                0x00070a1b                .dwarf.0007.BGDatClass
                0x00070a41                .dwarf.0007.BgActorDefs
                0x00070abb                .dwarf.0013.dBgActorManager_c::dBgActorManager_c
                0x00070ba3                .dwarf.0007.dBgActorManager
                0x00070c21                .dwarf.0013.BG_GM_hax::BG_GM_hax
                0x00070d08                .dwarf.0007.BG_GM_ptr
                0x00070da9                .dwarf.0002.SoundPlayingClass::SoundPlayingClass
                0x00070e36                .dwarf.0007.instance2__17SoundPlayingClass
                0x00070efd                .dwarf.0002.dEffectBreakBase_c::dEffectBreakBase_c
                0x00071091                .dwarf.0002.dEffectBreakMgr_c::dEffectBreakMgr_c
                0x000710db                .dwarf.0007.instance__17dEffectBreakMgr_c
                0x000713a2                .dwarf.0002.BGDatClass::BGDatClass
                0x00071511                .dwarf.0007.instance__10BGDatClass
                0x00071573                .dwarf.0007.Player_ID
                0x0007159a                .dwarf.0007.instance__14dGameDisplay_c
                0x00071880                .dwarf.0002.dState_c<12daEnBomhei_c>::dState_c
                0x00071971                .dwarf.0007.StateID_Sleep__12daEnBomhei_c
                0x00071c5c                .dwarf.0002.dState_c<12daKameckDemo>::dState_c
                0x00071d4d                .dwarf.0007.StateID_DemoSt2__12daKameckDemo
                0x00071d9c                .dwarf.0007.StateID_DemoSt__12daKameckDemo
                0x00071de9                .dwarf.0007.StateID_DemoWait__12daKameckDemo
                0x00071ebc                .dwarf.0002.WLClass::WLClass
                0x00071f8f                .dwarf.0007.instance__7WLClass
                0x0007209b                .dwarf.0002.dStage32C_c::dStage32C_c
                0x000724e4                .dwarf.0007.instance__11dStage32C_c
                0x00072527                .dwarf.0007.StateID_DieFall__5dEn_c
                0x0007256e                .dwarf.0007.BGScaleBack
                0x00072597                .dwarf.0007.BGScaleFront
                0x000725c1                .dwarf.0007.GameTimer
                0x00072606                .dwarf.0007.Player_Flags
                0x00072630                .dwarf.0007.BGScaleEnabled
                0x0007265a                .dwarf.0007.GlobalStarsCollected
                0x0007268a                .dwarf.0007.ZOrderOn
                0x000726ae                .dwarf.0007.AlwaysDrawBranch
                0x000726da                .dwarf.0007.AlwaysDrawFlag
                0x00072704                .dwarf.0007.SizerOn
                0x00072727                .dwarf.0007.GlobalRiderSize
                0x00072752                .dwarf.0007.GlobalSpriteSpeed
                0x0007277f                .dwarf.0007.GlobalSpriteSize
                0x000727ab                .dwarf.0007.MiniMarioJumpArc
                0x000727d7                .dwarf.0007.MarioJumpArc
                0x000727ff                .dwarf.0007.MarioJumpMax
                0x00072827                .dwarf.0007.MarioDescentRate
                0x00072853                .dwarf.0007.ArchiveHeap
                0x0007287a                .dwarf.0007.DontShowPreGame
                0x000728a5                .dwarf.0007.CurrentLevel
                0x000728cd                .dwarf.0007.CurrentWorld
                0x00072923                .dwarf.0013.StartLevelInfo::StartLevelInfo
                0x00072ad8                .dwarf.0007.RESTART_CRSIN_LevelStartStruct
                0x00072b34                .dwarf.0007.Player_Lives
                0x00072b5e                .dwarf.0007.instance__19ClassWithCameraInfo
                0x00072bd7                .dwarf.0013.BgGmBase::something_s::something_s
                0x00072cff                .dwarf.0013.BgGmBase::limitLineEntry_s::limitLineEntry_s
                0x00073023                .dwarf.0013.BgGmBase::manualZoomEntry_s::manualZoomEntry_s
                0x000731a0                .dwarf.0013.BgGmBase::beets_s::beets_s
                0x000733f7                .dwarf.0002.BgGmBase::BgGmBase
                0x0007366e                .dwarf.0002.dBgGm_c::dBgGm_c
                0x000736d8                .dwarf.0007.instance__7dBgGm_c
                0x00073716                .dwarf.0007.instance__13dCourseFull_c
                0x0007375b                .dwarf.0007.StagePtr
                0x00073b66                .dwarf.0002.dFlagMgr_c::dFlagMgr_c
                0x00073d39                .dwarf.0007.instance__10dFlagMgr_c
                0x0007401b                .dwarf.0002.dState_c<15daEnBlockMain_c>::dState_c
                0x0007410c                .dwarf.0007.StateID_DownMove__15daEnBlockMain_c
                0x00074160                .dwarf.0007.StateID_UpMove__15daEnBlockMain_c
                0x000741b0                .dwarf.0007.PhysicsCallback3__15daEnBlockMain_c
                0x00074202                .dwarf.0007.PhysicsCallback2__15daEnBlockMain_c
                0x00074254                .dwarf.0007.PhysicsCallback1__15daEnBlockMain_c
                0x000742a6                .dwarf.0007.OPhysicsCallback3__15daEnBlockMain_c
                0x000742fa                .dwarf.0007.OPhysicsCallback2__15daEnBlockMain_c
                0x0007434e                .dwarf.0007.OPhysicsCallback1__15daEnBlockMain_c
                0x000743a2                .dwarf.0007.SoundRelatedClass
                0x000743cf                .dwarf.0007.DVDClass
                0x000743f3                .dwarf.0007.globalListHead__13BasicCollider
                0x00074444                .dwarf.0007.globalListHead__7Physics
                0x0007448e                .dwarf.0007.globalListHead__13ActivePhysics
                0x000744ff                .dwarf.0007.GameHeaps
                0x00074546                .dwarf.0007.CS_ptr4
                0x0007458b                .dwarf.0007.CS_ptr3
                0x000745d0                .dwarf.0007.CS_ptr2
                0x00074615                .dwarf.0007.CS_ptr1
                0x0007463a                .dwarf.0007.aWorld2
                0x0007465d                .dwarf.0007.aWorld1
                0x00074680                .dwarf.0007.World
                0x0007472c                .dwarf.0013.Remocon::Remocon
                0x00074c8d                .dwarf.0013.RemoconMngClass::RemoconMngClass
                0x00074d08                .dwarf.0007.RemoconMng
                0x00074d33                .dwarf.0007.ActiveWiimoteID
                0x00074e30                .dwarf.0002.SaveFirstBlock::SaveFirstBlock
                0x000750cc                .dwarf.0002.SaveFile::SaveFile
                0x000752a8                .dwarf.0007.SaveFileInstance
                0x000752fd                .dwarf.0007.spriteFiles
                0x00075349                .dwarf.0007.profileNames
                0x00075398                .dwarf.0007.originalProfiles
                0x000753c6                .dwarf.0007.ObjectProfileList
                0x0007541b                .dwarf.0007.originalSprites
                0x000754dd                .dwarf.0006.sqrtf__Ff
                0x000755c7                .dwarf.0006.FastS16toFloat__Fs
                0x0007567b                .dwarf.0006.getCurrentState__33dStateWrapperBase_c<10daPlBase_c>Fv
                0x0007571d                .dwarf.0006.__dt__Q34nw4r3snd11SoundHandleFv
                0x00075793                .dwarf.0006.__ct__12lineSensor_sFiii
                0x0007585b                .dwarf.0006.__dt__35dStateWrapper_c<16dMsgBoxManager_c>Fv
                0x000758de                .dwarf.0006.__dt__39dStateWrapperBase_c<16dMsgBoxManager_c>Fv
                0x00075965                .dwarf.0006.__ct__39dStateWrapperBase_c<16dMsgBoxManager_c>FP16dMsgBoxManager_cP28dState_c<16dMsgBoxManager_c>
                0x00075a87                .dwarf.0006.execute__39dStateWrapperBase_c<16dMsgBoxManager_c>Fv
                0x00075b16                .dwarf.0006.setState__39dStateWrapperBase_c<16dMsgBoxManager_c>FP12dStateBase_c
                0x00075be5                .dwarf.0006.SetVisible__Q34nw4r3lyt4PaneFb
                0x00075c7c                .dwarf.0006.Player_VF3D4__FPv
                0x00075d07                .dwarf.0006.getPreviousState__39dStateWrapperBase_c<16dMsgBoxManager_c>Fv
                0x00075db1                .dwarf.0006.getCurrentState__39dStateWrapperBase_c<16dMsgBoxManager_c>Fv
                0x00075e59                .dwarf.0006.getNextState__39dStateWrapperBase_c<16dMsgBoxManager_c>Fv
                0x00075efb                .dwarf.0006.getCurrentStateMethodExecutor__39dStateWrapperBase_c<16dMsgBoxManager_c>Fv
                0x00075fbf                .dwarf.0006.executeNextStateThisTick__39dStateWrapperBase_c<16dMsgBoxManager_c>Fv
                0x00076070                .dwarf.0006.endCurrentState__39dStateWrapperBase_c<16dMsgBoxManager_c>Fv
                0x0007610f                .dwarf.0006.ensureStateHasBegun__39dStateWrapperBase_c<16dMsgBoxManager_c>Fv
                0x00076377                .dwarf.0006.getCurrentState__15dStateMgrBase_cFv
                0x00076401                .dwarf.0006.__dt__17dStatePointless_cFv
                0x00076472                .dwarf.0006.__dt__11dStateMgr_cFv
                0x000764dd                .dwarf.0006.__dt__36dStateExecutor_c<16dMsgBoxManager_c>Fv
                0x00076561                .dwarf.0006.__dt__26dStateMethodExecutorBase_cFv
                0x000765db                .dwarf.0006.__dt__20dStateExecutorBase_cFv
                0x0007664f                .dwarf.0006.__dt__42dStateMethodExecutor_c<16dMsgBoxManager_c>Fv
                0x000766d9                .dwarf.0006.__ct__36dStateExecutor_c<16dMsgBoxManager_c>FP16dMsgBoxManager_c
                0x000767a8                .dwarf.0006.__ct__42dStateMethodExecutor_c<16dMsgBoxManager_c>FP16dMsgBoxManager_c
                0x00076877                .dwarf.0006.callEnd__42dStateMethodExecutor_c<16dMsgBoxManager_c>Fv
                0x00076903                .dwarf.0006.callExecute__42dStateMethodExecutor_c<16dMsgBoxManager_c>Fv
                0x00076997                .dwarf.0006.callBegin__42dStateMethodExecutor_c<16dMsgBoxManager_c>Fv
                0x00076a27                .dwarf.0006.clearMethodExecutor__36dStateExecutor_c<16dMsgBoxManager_c>FPP26dStateMethodExecutorBase_c
                0x00076af0                .dwarf.0006.getMethodExecutorForState__36dStateExecutor_c<16dMsgBoxManager_c>FP12dStateBase_c
                0x00076bd7                .dwarf.0006.getPreviousState__15dStateMgrBase_cFv
                0x00076c63                .dwarf.0006.getNextState__15dStateMgrBase_cFv
                0x00076ce7                .dwarf.0006.getCurrentStateMethodExecutor__15dStateMgrBase_cFv
                0x00076d8d                .dwarf.0006.executeNextStateThisTick__15dStateMgrBase_cFv
                0x00076e20                .dwarf.0006.returnsOne__17dStatePointless_cFv
                0x00076e73                .dwarf.0006.__ct__22dState_c<10daBallon_c>FPCcM10daBallon_cFPCvPv_vM10daBallon_cFPCvPv_vM10daBallon_cFPCvPv_v
                0x00076fcc                .dwarf.0006.__ct__27dState_c<15daSuperBubble_c>FPCcM15daSuperBubble_cFPCvPv_vM15daSuperBubble_cFPCvPv_vM15daSuperBubble_cFPCvPv_v
                0x00077139                .dwarf.0006.__ct__29dState_c<17daEnTripleBlock_c>FPCcM17daEnTripleBlock_cFPCvPv_vM17daEnTripleBlock_cFPCvPv_vM17daEnTripleBlock_cFPCvPv_v
                0x000772ae                .dwarf.0006.__ct__22dState_c<10dGoombaPie>FPCcM10dGoombaPieFPCvPv_vM10dGoombaPieFPCvPv_vM10dGoombaPieFPCvPv_v
                0x00077407                .dwarf.0006.__ct__25dState_c<13dThunderCloud>FPCcM13dThunderCloudFPCvPv_vM13dThunderCloudFPCvPv_vM13dThunderCloudFPCvPv_v
                0x0007756c                .dwarf.0006.__ct__26dState_c<14daElectricLine>FPCcM14daElectricLineFPCvPv_vM14daElectricLineFPCvPv_vM14daElectricLineFPCvPv_v
                0x000776d5                .dwarf.0006.__ct__25dState_c<13daShyGuyGiant>FPCcM13daShyGuyGiantFPCvPv_vM13daShyGuyGiantFPCvPv_vM13daShyGuyGiantFPCvPv_v
                0x0007783a                .dwarf.0006.__ct__19dState_c<8daShyGuy>FPCcM8daShyGuyFPCvPv_vM8daShyGuyFPCvPv_vM8daShyGuyFPCvPv_v
                0x00077987                .dwarf.0006.__ct__20dState_c<9daDreidel>FPCcM9daDreidelFPCvPv_vM9daDreidelFPCvPv_vM9daDreidelFPCvPv_v
                0x00077ad8                .dwarf.0006.__ct__23dState_c<11daSamurshai>FPCcM11daSamurshaiFPCvPv_vM11daSamurshaiFPCvPv_vM11daSamurshaiFPCvPv_v
                0x00077c35                .dwarf.0006.__ct__26dState_c<14daMegaGoomba_c>FPCcM14daMegaGoomba_cFPCvPv_vM14daMegaGoomba_cFPCvPv_vM14daMegaGoomba_cFPCvPv_v
                0x00077d9e                .dwarf.0006.__ct__19dState_c<8daTopman>FPCcM8daTopmanFPCvPv_vM8daTopmanFPCvPv_vM8daTopmanFPCvPv_v
                0x00077eeb                .dwarf.0006.__ct__26dState_c<14daEnMsgBlock_c>FPCcM14daEnMsgBlock_cFPCvPv_vM14daEnMsgBlock_cFPCvPv_vM14daEnMsgBlock_cFPCvPv_v
                0x00078054                .dwarf.0006.__ct__28dState_c<16dMsgBoxManager_c>FPCcM16dMsgBoxManager_cFPCvPv_vM16dMsgBoxManager_cFPCvPv_vM16dMsgBoxManager_cFPCvPv_v
                0x000781c5                .dwarf.0006.__ct__28dState_c<16daEnEventBlock_c>FPCcM16daEnEventBlock_cFPCvPv_vM16daEnEventBlock_cFPCvPv_vM16daEnEventBlock_cFPCvPv_v
                0x00078336                .dwarf.0006.__ct__28dState_c<16daBoomerangHax_c>FPCcM16daBoomerangHax_cFPCvPv_vM16daBoomerangHax_cFPCvPv_vM16daBoomerangHax_cFPCvPv_v
                0x000784a7                .dwarf.0006.__ct__25dState_c<13daFireLaser_c>FPCcM13daFireLaser_cFPCvPv_vM13daFireLaser_cFPCvPv_vM13daFireLaser_cFPCvPv_v
                0x0007860c                .dwarf.0006.__ct__20dState_c<9daMrSun_c>FPCcM9daMrSun_cFPCvPv_vM9daMrSun_cFPCvPv_vM9daMrSun_cFPCvPv_v
                0x0007875d                .dwarf.0006.__ct__27dState_c<15daEnFlipBlock_c>FPCcM15daEnFlipBlock_cFPCvPv_vM15daEnFlipBlock_cFPCvPv_vM15daEnFlipBlock_cFPCvPv_v
                0x000788ca                .dwarf.0006.__ct__26dState_c<14daEnChestnut_c>FPCcM14daEnChestnut_cFPCvPv_vM14daEnChestnut_cFPCvPv_vM14daEnChestnut_cFPCvPv_v
                0x00078ace                .dwarf.0006.get__13dCourseFull_cFi
                0x00078bed                .dwarf.0006.__ct__16dMsgBoxManager_cFv
                0x00078c6f                .dwarf.0006.beforeExecute__16dMsgBoxManager_cFv
                0x00078cc7                .dwarf.0006.afterExecute__16dMsgBoxManager_cFi
                0x00078d1d                .dwarf.0006.beforeDraw__16dMsgBoxManager_cFv
                0x00078d6f                .dwarf.0006.afterDraw__16dMsgBoxManager_cFi
                0x00078e59                .dwarf.0006.returnUnknown__Q23m3d6proc_cFv
